[   0.0000] Linux version 4.15.0-69-generic (buildd@lgw01-amd64-032) (gcc version 7.4.0 (Ubuntu 7.4.0-1ubuntu1~18.04.1) #78-Uuntu SMP Wed Nov 6 11:30:24 UTC 2019 (Ubuntu 4.15.0-69.78-generic 4.15.18)
[    0.000000] Command lne: BOOT_IMAGE=/boot/vmlinuz-4.15.0-69-generic root=UUID=cbe5c91c-3cdd-4006-bd0c-05f1bfb67591 ro console=tty1 console=ttyS0
[   0.000000] KERNEL supported cpus:
[    0.000000]   Intel GenuineIntel
[    0.000000]   AMD AuthenticAMD
[    0.000000]   Centaur CeaurHauls
[   0.000000] x86/fpu: upporting XSAVE feature 0x001: 'x87 floating point registers'
[    0.000000] x86/fpu: Supporting XSAVE feature 0x002: 'SSE registers'
[    0.000000] x86/fpu: Supporting XSAVE feature 0x00: 'AX registers'
[    0.000000] x8/fp: xstateofset[2]  576, xstate_sizes[2]:  256
[    0.000000] x86/fpu: Enabled xstate features 0x7, cntext size is 832 bytes, using 'standard' format.
[    0.000000] e820: BIOS-provided physicalAM map:
[    0.000000] BIOS-e820: [mem 0x0000000000000000-0x000000000009fbff] usable
[    0.000000] BIOS-e820: [mem 0x000000000009fc00-0x000000000009fff] esrved
[    0.000000] BIOS-e820:mem 0x00000000000f0000-0x00000000000fffff] reserved
[    0.0000] BIS-e820: [mem 0x0000000000100000-0x000000003ffeffff] usable
[    0.000000] BIOSe820: [mem 0x0000000fff00000x00000003fffffff] ACPI data
[    0.000000] BIOS-e820: [mem 0x00000000fec00000-0x00000000fec00fff] eserved
[    0.000000] BIOS-e820: [mem 0x00000000fee00000-0x00000000fee00fff] resrved
[    0.00000] IOS-e820: [mem 0x0000000fffc0000-0x00000000ffffffff] reserved
    0.000000] NX (Execute Disable) protection: active
[    0.000000] SMBIOS 2.5 present.
[    0.000000] DMI: innotek GmbH Virtualox/VirtualBx, BIOS VirtualBox 12/01/2006
[    0.000000] Hypervisor detected: KVM
[    0.000000] e820: last_pfn = 0x3fff0 max_arch_pfn = 0x400000000
[    0.000000] MTRR: Disabled
[    0.000000] x86/PAT: MTRRs disabled, skipping PAT initialization too.
[    0.000000] CPU MTRRs all blank - virtualized system.
[    0.000000] x86/PAT: Configuration [0-7]: WB  WT  UC- UC WB  WT  UCUC  
[    0.000000] found SMP MP-tabe at [m 0x000ff0-0x0009ffff]
[  0.000000] Scanning 1 areas for low memory corruption
[    0.000000] RAMDISK: [mem 0x35981000-0x36cb7fff]
[    0.0000] ACPI: Early table checum verication disabled
[    0.000000] ACPI: DP 0x0000000000E0000 000024 (v02 VBOX  )
[    0.000000] ACPI: XSDT 0x00000003FFF30 00003C (v01 VBOX   VBXXSDT 00000001 ASL  00000061)
[    0.000000] ACPI: FACP 0x000000003FFF00F0 0000F4 (v04 VBOX   VBOXFACP 00000001 ASL  00000061)
[    0000000] ACPI: DSDT 0x000000003FFF0470 0021FF (v02 VBOX   OXBIOS 00000002 INTL 20100528)
[    0.000000] ACPI: FACS 0x000000003FFF0200 000040
[    0.000000] ACPI: FACS x00000003FFF0200 000040
[    0.000000] ACPI: APIC 0x000000003FFF0240 00005C (v02 VBOX   VBOXAPIC 00000001 ASL  00000061)
[    0.000000] ACPI: SSDT 0x000000003FFF02A0 0001CC (v01 VBOX   VBOXCPUT 00000002 INTL 20100528)
[    0.0000] No NUMA configuration found
[    0.000000] Fang a node a [mem 0x0000000000000000-0x000000003ffeffff]
[   0.00000] NODE_DATA(0) allocated [mem 0x3ffc5000-0x3ffeffff]
[    0.000000] kvm-clock: cpu 0, msr 0:3ff44001, primary cpu clock
[   0.000000kvm-clock: Using msrs 4b564d and 4b564d00
[    0.000000] kvm-clock: using sched offset of475345601 cycles
[    0.000000] clocksource: kvm-clock: mask: 0xffffffffffffffff max_cycls:0x1cd42e4dffb, maxidle_ns: 88159051483 ns
[   0.000000] Zone ranges:
[    0.000000]   DMA      [mem 0x0000000000001000-0x0000000000ffffff]
[   .00000]  DM2    [mem 0x000000000100000-0x000000003ffeffff]
[    0.000000]   Normal   empty
[    0.000000]   Device   empty
[    0..000000] Movable zone start for each node
[    0.000000] Early memory node ranges
[    0.000000]   node   0: [mem 0x0000000000001000-0x000000000009efff]
[    0.000000]   node   0: [mem 0x0000000000100000-0x000000003ffeffff]
[    0.000000] Reserved but unavailable: 98 pages
[    0.000000] Initmem setup node 0 [mem 0x0000000000001000-0x000000003ffeffff]
[    0.000000] ACPI: PM-Timer IO Port: 0x4008
[  0.000000] IOAPIC[0]: apic_id 2, version 32, address 0xfec00000, GSI 0-23
[    0.000000] ACPI: INT_SRC_OVR (bus 0 bus_irq 0 global_irq 2 dfl dfl)
[    0.000000] ACPI: INT_SRC_OVRbus 0 busirq 9 global_irq 9 low level)
[    0.000000] Usng ACPI (MADT) for SMP onfiguration information
[    0.000000] smpboot: Allowing 2 CPUs, 0 hotplug CPUs
[    0.000000] PM: Registered nosave mery: [mem 0x00000000-0x00000fff]
[    0.000000] PM: Registered nosave memory: [mem 0x0009f000-0x0009ffff]
[    0.000000] PM: Registered nosave memory: [mem 0x000a0000-0x000effff]
[    0.000000] PM: Registered nosave memory: [mem 0x000f0000-0x000fffff]
[    0.000000] e820: [mem 0x40000000-0xfebfff] available orPCI devices
[    0.000000] Booting paravirtualized kernel on KVM
[    0.000000] clocksource: refined-jiffies: mask: 0xffffffff max_cycles: 0xffffffff, max_idle_ns: 7645519600211568 ns
[    0.000000] random: get_random_bytes called from start_kernel+0x99/0x4fd with crng_init=0
[    0.000000] setup_percpu: NR_CPUS:8192 nr_cpumask_bits:2 nr_cpu_ids:2 nr_node_ids:1
[    0.000000] percpu: Embedded 45 pages/cpu s147456 r8192 d28672 u1048576
[    0.000000] PV qspinlock hash table entries: 256 (order: 0, 4096 bytes)
[    0.000000] Built 1 zonelists, mobility grouping on.  Totalpages: 257913
[    0.000000] Policy zone: DMA32
[   0.000000] Kernel command line: BOOT_IMAGE=/boot/vmlinuz4.15.0-69-geneic root=UUID=cbe5c91c-3cdd-4006-bd0c-05f1bfb67591 ro console=tty1 console=ttyS0
[    0.000000] Memory: 982912K/1048120K available (12300K kernel code, 2481K rwdata, 4264K rodata, 2432K init, 2388K bss, 65208K reserved, 0K cma-reserved)
[    0.000000] SLUB: HWalign64,Order=0-3, MinObjecs=0, CPUs=2, Nodes=1
[   0.0000] Kernel/User page tables isolation: enabled
[    0.000000] frace: llcating9315 entrie i 154 pages
[    0.004000] Hierarchical RCU implementation.
[    0.004000] 	RCU restricting CPUs from NR_CPUS=8192 to nr_cpu_ids=2.
[    0.00400] 	Tsk RCenabled.
[  0.004000] RCU: Adjusting geometry for rcu_fanout_leaf=16, nr_cpu_ids=2
[    004000] NR_IRQS: 524544, nr_irqs: 440, preallocated irqs: 16
[    0.004000] Console: colour VGA+ 80x25[  0.004000] console [tty1] enabled
[    0.004000] console [ttyS0] enabled
[    0.004000] ACPI: Core revisi 201081
[   0.004000] ACPI: 2 ACPI AML tables successfully acquired and loaded
[    0.004000]APIC: Switch to symmetric I/O mode setup
[    0.004564] x2apic enabled
[    0.006516] Switched APIC routing to physical x2apic.
[    0.009927] ..TIMER: vector=0x30 apic1=0 pin1=2 apic2=-1 pin2=-1
[    0.012006] tsc: Detected 1607.999 MHz processor
[    0.016018] Calibrating delay loop (skipped) preset value.. 3215.99 BogoMIPS (lpj=6431996)
[    0.020010] pid_max: default: 32768 minimum: 301
[    0.024082] Security Framework initialized
[    0.028005] Yama: becoming mindful.
[    0.032047] AppArmor: AppArmor initialized
[    0.040107] Dentry cache hash table entries: 131072 (order: 8, 1048576 bytes)
[    0.044133] Inode-cache hash table entries: 65536 (order: 7, 524288 bytes)
[    0.048034] Mount-cache hash table entries: 2048 (order: 2, 16384 bytes)
[    0.052018] Mountpoint-cache hash table entries: 2048 (order: 2, 16384 bytes)
[    0.056111] Last level iTLB entries: 4KB 64, 2MB 8, 4MB 8
[    0.057997] Last level dTLB entries: 4KB 64, 2MB 0, 4MB 0, 1GB 4
[    0.059647] Spectre V1 : Mitigation: usercopy/swapgs barriers and __user pointer sanitization
[    0.060010] Spectre V2 : Mitigation: Full generic retpoline
[    0.064007] Spectre V2 : Spectre v2 / SpectreRSB mitigation: Filling RSB on context switch
[    0.068010] Speculative Store Bypass: Vulnerable
[    0.072061] MDS: Vulnerable: Clear CPU buffers attempted, no microcode
[    0.076199] Freeing SMP alternatives memory: 36K
[    0.192154] smpboot: CPU0: Intel(R) Core(TM) i5-8210Y CPU @ 1.60GHz (family: 0x6, model: 0x8e, stepping: 0x9)
[    0.196000] Performance Events: unsupported p6 CPU model 142 no PMU driver, software events only.
[    0.196076] Hierarchical SRCU implementation.
[    0.200617] NMI watchdog: Perf event create on CPU 0 failed with -2
[    0.204008] NMI watchdog: Perf NMI watchdog permanently disabled
[    0.208107] smp: Bringing up secondary CPUs ...
[    0.212138] x86: Booting SMP configuration:
[    0.216007] .... node  #0, CPUs:      #1
[    0.004000] kvm-clock: cpu 1, msr 0:3ff44041, secondary cpu clock
[    0.220027] smp: Brought up 1 node, 2 CPUs
[    0.224015] smpboot: Max logical packages: 1
[    0.228009] smpboot: Total of 2 processors activated (6431.99 BogoMIPS)
[    0.232219] devtmpfs: initialized
[    0.236169] x86/mm: Memory block size: 128MB
[    0.240302] evm: security.selinux
[    0.244013] evm: security.SMACK64
[    0.248007] evm: security.SMACK64EXEC
[    0.252010] evm: security.SMACK64TRANSMUTE
[    0.256019] evm: security.SMACK64MMAP
[    0.260007] evm: security.apparmor
[    0.261285] evm: security.ima
[    0.264006] evm: security.capability
[    0.268136] clocksource: jiffies: mask: 0xffffffff max_cycles: 0xffffffff, max_idle_ns: 7645041785100000 ns
[    0.272022] futex hash table entries: 512 (order: 3, 32768 bytes)
[    0.277661] pinctrl core: initialized pinctrl subsystem
[    0.280194] RTC time:  6:05:25, date: 11/14/19
[    0.284291] NET: Registered protocol family 16
[    0.288106] audit: initializing netlink subsys (disabled)
[    0.292048] audit: type=2000 audit(1573711526.346:1): state=initialized audit_enabled=0 res=1
[    0.352013] cpuidle: using governor ladder
[    0.356028] cpuidle: using governor menu
[    0.360080] ACPI: bus type PCI registered
[    0.364007] acpiphp: ACPI Hot Plug PCI Controller Driver version: 0.5
[    0.368170] PCI: Using configuration type 1 for base access
[    0.373035] HugeTLB registered 2.00 MiB page size, pre-allocated 0 pages
[    0.376172] ACPI: Added _OSI(Module Device)
[    0.380013] ACPI: Added _OSI(Processor Device)
[    0.384005] ACPI: Added _OSI(3.0 _SCP Extensions)
[    0.388004] ACPI: Added _OSI(Processor Aggregator Device)
[    0.392063] ACPI: Added _OSI(Linux-Dell-Video)
[    0.396011] ACPI: Added _OSI(Linux-Lenovo-NV-HDMI-Audio)
[    0.400014] ACPI: Added _OSI(Linux-HPI-Hybrid-Graphics)
[    0.404617] ACPI: Executed 1 blocks of module-level executable AML code
[    0.417572] ACPI: Interpreter enabled
[    0.420033] ACPI: (supports S0 S5)
[    0.424006] ACPI: Using IOAPIC for interrupt routing
[    0.428640] PCI: Using host bridge windows from ACPI; if necessary, use "pci=nocrs" and report a bug
[    0.432255] ACPI: Enabled 2 GPEs in block 00 to 07
[    0.444241] ACPI: PCI Root Bridge [PCI0] (domain 0000 [bus 00-ff])
[    0.448024] acpi PNP0A03:00: _OSC: OS supports [ASPM ClockPM Segments MSI]
[    0.452050] acpi PNP0A03:00: _OSC: not requesting OS control; OS requires [ExtendedConfig ASPM ClockPM MSI]
[    0.456038] acpi PNP0A03:00: fail to add MMCONFIG information, can't access extended PCI configuration space under this bridge.
[    0.460594] PCI host bridge to bus 0000:00
[    0.461755] pci_bus 0000:00: root bus resource [io  0x0000-0x0cf7 window]
[    0.464018] pci_bus 0000:00: root bus resource [io  0x0d00-0xffff window]
[    0.468013] pci_bus 0000:00: root bus resource [mem 0x000a0000-0x000bffff window]
[    0.469946] pci_bus 0000:00: root bus resource [mem 0x40000000-0xfdffffff window]
[    0.472009] pci_bus 0000:00: root bus resource [bus 00-ff]
[    0.478537] pci 0000:00:01.1: legacy IDE quirk: reg 0x10: [io  0x01f0-0x01f7]
[    0.480007] pci 0000:00:01.1: legacy IDE quirk: reg 0x14: [io  0x03f6]
[    0.482396] pci 0000:00:01.1: legacy IDE quirk: reg 0x18: [io  0x0170-0x0177]
[    0.484007] pci 0000:00:01.1: legacy IDE quirk: reg 0x1c: [io  0x0376]
[    0.522799] pci 0000:00:07.0: quirk: [io  0x4000-0x403f] claimed by PIIX4 ACPI
[    0.524066] pci 0000:00:07.0: quirk: [io  0x4100-0x410f] claimed by PIIX4 SMB
[    0.552895] ACPI: PCI Interrupt Link [LNKA] (IRQs 5 9 10 *11)
[    0.557232] ACPI: PCI Interrupt Link [LNKB] (IRQs 5 9 *10 11)
[    0.564746] ACPI: PCI Interrupt Link [LNKC] (IRQs 5 *9 10 11)
[    0.568330] ACPI: PCI Interrupt Link [LNKD] (IRQs 5 9 10 *11)
[    0.572927] SCSI subsystem initialized
[    0.576143] pci 0000:00:02.0: vgaarb: setting as boot VGA device
[    0.579446] pci 0000:00:02.0: vgaarb: VGA device added: decodes=io+mem,owns=io+mem,locks=none
[    0.580013] pci 0000:00:02.0: vgaarb: bridge control possible
[    0.581703] vgaarb: loaded
[    0.582721] ACPI: bus type USB registered
[    0.583846] usbcore: registered new interface driver usbfs
[    0.584033] usbcore: registered new interface driver hub
[    0.588063] usbcore: registered new device driver usb
[    0.592149] EDAC MC: Ver: 3.0.0
[    0.596744] PCI: Using ACPI for IRQ routing
[    0.604467] NetLabel: Initializing
[    0.608008] NetLabel:  domain hash size = 128
[    0.612008] NetLabel:  protocols = UNLABELED CIPSOv4 CALIPSO
[    0.614567] NetLabel:  unlabeled traffic allowed by default
[    0.616169] clocksource: Switched to clocksource kvm-clock
[    0.644388] VFS: Disk quotas dquot_6.6.0
[    0.645997] VFS: Dquot-cahe astable entries: 51 (de0,09bys)[  1.12478 AppArmor:ppArmor Filesystem Enabled
[    1.316480]npPnP ACPI init
[    1.420315] pnp: PnP ACPI: found 3 devices

[    1.440178] clocksource: acpi_pm: mask: 0xffffff max_cycles: 0xffffff, max_idle_ns: 2085701024 ns
[    1.443505] NET: Registered protocol family 2
[    1.445303] TCP established hash table entries: 8192 (order: 4, 65536 bytes)
[    1.447869] TCP bind hash table entries: 8192 (order: 5, 131072 bytes)
[    1.452009] TCP: Hash tables configured (established 8192 bind 8192)
[    1.454613] UDP hash table entries: 512 (order: 2, 16384 bytes)
[    1.4590] U-Lite hash table entries: 512 (order: 2, 16384 bytes)
[    1.633582] NET: Registered protocol family 1
[    1.609] pci 0000:00:00: Limiting direct PCI/PCI transfers
[    1.845025] pci 0000:00:01.0: Activating ISA DMA hang workarounds
[    1.847208] pci 0000:00:02.0: Video device with shadwed RM t [mem 0x000c0000-0x000dffff]

[    1.928524] Unpacking initramfs...
[    2.322976] Freeing initrd memory: 19676K
[    2.364937] clocksource: tsc: mask: 0xffffffffffffffff max_cycles: 0x172da94f0e2, max_idle_ns: 440795278248 ns
[    2.387115] platform rtc_cmos: registered platform RTC device (no PNP device found)
[    2.396968] Scanning for low memory corruption every 60 seconds
[    2.414805] Initialise system trusted keyrings
[    2.436905] Key type blacklist registered
[    2.445954] workingset: timestamp_bits=36 max_order=18 bucket_order=0
[    2.448673] zbud: loaded
[    2.450092] squashfs: version 4.0 (2009/01/31) Phillip Lougher
[    2.462145] fuse init (API version 7.26)
[    2.492063] Key type asymmetric registered
[    2.493376] Asymmetric key parser 'x509' registered
[    2.494806] Block layer SCSI generic (bsg) drive version 0.4 loaded (major 246)
[    2.551037] io scheduler noop registered
[    2.572599] io scheduler deadline registered
[    2.590755] io scheduler cfq registered (default)
[    2.601783] ACPI: AC Adapter [AC] (on-line)
[    2.611375] input: Power Button as /devices/LNXSYSTM:00/LNXPWRBN:00/input/input0
[    2.620201] ACPI: Power Button [PWRF]
[    2.651481] input: Sleep Button as /devices/LNXSYSTM:00/LNXSLPBN:00/input/input1
[    2.692917] ACPI: Sleep Button [SLPF]
[    2.696532] ACPI: Battery Slot [BAT0] (battery present)
[    2.698561] Serial: 8250/16550 driver, 32 ports, IRQ sharing enabled
[    2.725461] 00:02: ttyS0 at I/O 0x3f8 (irq = 4, base_baud = 115200) is a 16550A
[    2.743858] Linux agpgart interface v0.103
[    2.748538] loop: module loaded
[    2.750059] scsi host0: ata_piix
[    2.751167] scsi host1: ata_piix
[    2.752030] ata1: PATA max UDMA/33 cmd 0x1f0 ctl 0x3f6 bmdma 0xd000 irq 14
[    2.753799] ata2: PATA max UDMA/33 cmd 0x170 ctl 0x376 bmdma 0xd008 irq 15
[    2.770437] libphy: Fixed MDIO Bus: probed
[    2.771945] tun: Universal TUN/TAP device driver, 1.6
[    2.773767] PPP generic driver version 2.4.2
[    2.775214] ehci_hcd: USB 2.0 'Enhanced' Host Controller (EHCI) Driver
[    2.777003] ehci-pci: EHCI PCI platform driver
[    2.778226] ehci-platform: EHCI generic platform driver
[    2.779794] ohci_hcd: USB 1.1 'Open' Host Controller (OHCI) Driver
[    2.781689] ohci-pci: OHCI PCI platform driver
[    2.783004] ohci-platform: OHCI generic platform driver
[    2.784711] uhci_hcd: USB Universal Host Controller Interface driver
[    2.793838] i8042: PNP: PS/2 Controller [PNP0303:PS2K,PNP0f03:PS2M] at 0x60,0x64 irq 1,12
[    2.804057] serio: i8042 KBD port at 0x60,0x64 irq 1
[    2.819644] serio: i8042 AUX port at 0x60,0x64 irq 12
[    2.841369] mousedev: PS/2 mouse device common for all mice
[    2.846021] rtc_cmos rtc_cmos: rtc core: registered rtc_cmos as rtc0
[    2.849297] input: AT Translated Set 2 keyboard as /devices/platform/i8042/serio0/input/input2
[    2.852246] rtc_cmos rtc_cmos: alarms up to one day, 114 bytes nvram
[    2.874205] i2c /dev entries driver
[    2.879277] device-mapper: uevent: version 1.0.3
[    2.884149] device-mapper: ioctl: 4.37.0-ioctl (2017-09-20) initialised: dm-devel@redhat.com
[    2.894023] ledtrig-cpu: registered to indicate activity on CPUs
[    2.898562] NET: Registered protocol family 10
[    2.909199] Segment Routing with IPv6
[    2.910941] NET: Registered protocol family 17
[    2.916157] Key type dns_resolver registered
[    2.937583] mce: Using 0 MCE banks
[    2.943022] RAS: Correctable Errors collector initialized.
[    2.944550] sched_clock: Marking stable (2944517493, 0)->(8604028445, -5659510952)
[    2.947189] registered taskstats version 1
[    2.948366] Loading compiled-in X.509 certificates
[    2.952790] Loaded X.509 cert 'Build time autogenerated kernel key: 88c1228587abe43602f5ab453a9ce39f69a9487d'
[    2.960403] zswap: loaded using pool lzo/zbud
[    2.968893] Key type big_key registered
[    3.062971] Key type trusted registered
[    3.117796] Key type encrypted registered
[    3.144394] AppArmor: AppArmor sha1 policy hashing enabled
[    3.192508] ima: No TPM chip found, activating TPM-bypass! (rc=-19)
[    3.219425] ima: Allocated hash algorithm: sha1
[    3.222948] evm: HMAC attrs: 0x1
[    3.249425]   Magic number: 11:230:64
[    3.288649] rtc_cmos rtc_cmos: setting system clock to 2019-11-14 06:05:28 UTC (1573711528)
[    3.321508] BIOS EDD facility v0.16 2004-Jun-25, 0 devices found
[    3.388988] EDD information not available.
[    3.417531] Freeing unused kernel image memory: 2432K
[    3.456293] Write protecting the kernel read-only data: 20480k
[    3.466637] Freeing unused kernel image memory: 2008K
[    3.498107] Freeing unused kernel image memory: 1880K
[    3.538681] x86/mm: Checked W+X mappings: passed, no W+X pages found.
[    3.572361] x86/mm: Checking user space page tables
[    3.602771] x86/mm: Checked W+X mappings: passed, no W+X pages found.
Loading, please wait...
starting version 237
[    3.806317] e1000: Intel(R) PRO/1000 Network Driver - version 7.3.21-k8-NAPI
[    3.817876] e1000: Copyright (c) 1999-2006 Intel Corporation.
[    3.824445] Fusion MPT base driver 3.04.20
[    3.825968] Copyright (c) 1999-2008 LSI Corporation
[    3.830368] AVX2 version of gcm_enc/dec engaged.
[    3.831798] AES CTR mode by8 optimization enabled
[    3.841584] Fusion MPT SPI Host driver 3.04.20
[    4.034587] input: ImExPS/2 Generic Explorer Mouse as /devices/platform/i8042/serio1/input/input4
[    4.320567] e1000 0000:00:03.0 eth0: (PCI:33MHz:32-bit) 02:8e:72:66:23:f8
[    4.362448] e1000 0000:00:03.0 eth0: Intel(R) PRO/1000 Network Connection
[    4.390111] mptbase: ioc0: Initiating bringup
[    4.516809] ioc0: LSI53C1030 A0: Capabilities={Initiator}
[    4.813440] scsi host2: ioc0: LSI53C1030 A0, FwRev=00000000h, Ports=1, MaxQ=256, IRQ=20
[    5.029215] scsi 2:0:0:0: Direct-Access     VBOX     HARDDISK         1.0  PQ: 0 ANSI: 5
[    5.100164] scsi target2:0:0: Beginning Domain Validation
[    5.164207] scsi target2:0:0: Domain Validation skipping write tests
[    5.166083] scsi target2:0:0: Ending Domain Validation
[    5.170695] scsi target2:0:0: asynchronous
[    5.174790] scsi 2:0:1:0: Direct-Access     VBOX     HARDDISK         1.0  PQ: 0 ANSI: 5
[    5.508567] scsi target2:0:1: Beginning Domain Validation
[    5.529591] random: fast init done
[    5.531601] scsi target2:0:1: Domain Validation skipping write tests
[    5.533485] scsi target2:0:1: Ending Domain Validation
[    5.535243] scsi target2:0:1: asynchronous
[    5.540673] sd 2:0:0:0: Attached scsi generic sg0 type 0
[    5.541862] random: systemd-udevd: uninitialized urandom read (16 bytes read)
[    5.542457] sd 2:0:1:0: Attached scsi generic sg1 type 0
[    5.545483] random: systemd-udevd: uninitialized urandom read (16 bytes read)
[    5.565422] sd 2:0:0:0: [sda] 20971520 512-byte logical blocks: (10.7 GB/10.0 GiB)
[    5.568237] random: systemd-udevd: uninitialized urandom read (16 bytes read)
[    5.575199] e1000 0000:00:08.0 eth1: (PCI:33MHz:32-bit) 08:00:27:39:00:a7
[    5.576708] sd 2:0:1:0: [sdb] 20480 512-byte logical blocks: (10.5 MB/10.0 MiB)
[    5.578623] e1000 0000:00:08.0 eth1: Intel(R) PRO/1000 Network Connection
[    5.580292] sd 2:0:1:0: [sdb] Write Protect is off
[    5.590267] sd 2:0:0:0: [sda] Write Protect is off
[    5.591814] e1000 0000:00:03.0 enp0s3: renamed from eth0
[    5.593247] sd 2:0:1:0: [sdb] Incomplete mode parameter data
[    5.594771] sd 2:0:1:0: [sdb] Assuming drive cache: write through
[    5.594801] sd 2:0:0:0: [sda] Incomplete mode parameter data
[    5.598676] sd 2:0:0:0: [sda] Assuming drive cache: write through
[    5.603271]  sda: sda1
[    5.606271] sd 2:0:0:0: [sda] Attached SCSI disk
[    5.614111] sd 2:0:1:0: [sdb] Attached SCSI disk
[    5.617242] e1000 0000:00:08.0 enp0s8: renamed from eth1
Begin: Loading essential drivers ... [    7.176657] raid6: sse2x1   gen()  7425 MB/s
[    7.236608] raid6: sse2x1   xor()  5318 MB/s
[    7.300137] raid6: sse2x2   gen() 10082 MB/s
[    7.360447] raid6: sse2x2   xor()  6776 MB/s
[    7.416067] raid6: sse2x4   gen() 10374 MB/s
[    7.468237] raid6: sse2x4   xor()  5121 MB/s
[    7.516423] raid6: avx2x1   gen()  8186 MB/s
[    7.580608] raid6: avx2x1   xor()  6923 MB/s
[    7.644305] raid6: avx2x2   gen() 17829 MB/s
[    7.696124] raid6: avx2x2   xor() 10585 MB/s
[    7.744218] raid6: avx2x4   gen() 19539 MB/s
[    7.816197] raid6: avx2x4   xor() 10705 MB/s
[    7.842586] raid6: using algorithm avx2x4 gen() 19539 MB/s
[    7.856057] raid6: .... xor() 10705 MB/s, rmw enabled
[    7.867188] raid6: using avx2x2 recovery algorithm
[    7.884647] xor: automatically using best checksumming function   avx       
[    7.934682] async_tx: api initialized (async)
done.
Begin: Running /scripts/init-premount ... done.
Begin: Mounting root file system ... Begin: Running /scripts/local-top ... done.
Begin: Running /scripts/local-premount ... [    8.006843] Btrfs loaded, crc32c=crc32c-intel
Scanning for Btrfs filesystems
done.
Warning: fsck no[    8.052877] EXT4-fs (sda1): INFO: recovery required on readonly filesystem
t present, so sk[    8.115821] EXT4-fs (sda1): write access will be enabled during recovery
ipping root file system
[    8.185664] EXT4-fs (sda1): recovery complete
[    8.224870] EXT4-fs (sda1): mounted filesystem with ordered data mode. Opts: (null)
done.
Begin: Running /scripts/local-bottom ... done.
Begin: Running /scripts/init-bottom ... done.
[    8.468615] ip_tables: (C) 2000-2006 Netfilter Core Team
[    8.637470] systemd[1]: systemd 237 running in system mode. (+PAM +AUDIT +SELINUX +IMA +APPARMOR +SMACK +SYSVINIT +UTMP +LIBCRYPTSETUP +GCRYPT +GNUTLS +ACL +XZ +LZ4 +SECCOMP +BLKID +ELFUTILS +KMOD -IDN2 +IDN -PCRE2 default-hierarchy=hybrid)
[    9.927156] systemd[1]: Detected virtualization oracle.
[    9.945677] systemd[1]: Detected architecture x86-64.

Welcome to [1mUbuntu 18.04.3 LTS[0m!

[    9.956395] systemd[1]: Set hostname to <ubuntu-bionic>.
[   10.288689] systemd[1]: Created slice System Slice.
[[0;32m  OK  [0m] Created slice System Slice.
[   10.715621] systemd[1]: Listening on LVM2 poll daemon socket.
[[0;32m  OK  [0m] Listening on LVM2 poll daemon socket.
[   10.999251] systemd[1]: Listening on Journal Audit Socket.
[[0;32m  OK  [0m] Listening on Journal Audit Socket.
[   11.008777] systemd[1]: Started Forward Password Requests to Wall Directory Watch.
[[0;32m  OK  [0m] Started Forward Password Requests to Wall Directory Watch.
[   11.040290] systemd[1]: Reached target Swap.
[[0;32m  OK  [0m] Reached target Swap.
[   11.701464] systemd[1]: Listening on udev Control Socket.
[[0;32m  OK  [0m] Listening on udev Control Socket.
[[0;32m  OK  [0m] Created slice User and Session Slice.
[[0;32m  OK  [0m] Listening on Journal Socket.
         Starting Set the console keyboard layout...
         Mounting Kernel Debug File System...
         Starting Load Kernel Modules...
[   11.798230] Loading iSCSI transport class v2.0-870.
[[0;32m  OK  [0m] Listening on LVM2 metadata daemon socket.
         Mounting Huge Pages File System...
[[0;32m  OK  [0m] Reached target S[   11.823332] iscsi: registered transport (tcp)
lices.
         Starting Uncomplicated firewall...
         Starting Create list of required stâ€¦ce nodes f[   11.887498] iscsi: registered transport (iser)
or the current kernel...
[[0;32m  OK  [0m] Reached target User and Group Name Lookups.
[[0;32m  OK  [0m] Set up automount Arbitrary Executabâ€¦rmats File System Automount Point.
[[0;32m  OK  [0m] Created slice system-serial\x2dgetty.slice.
[[0;32m  OK  [0m] Listening on Syslog Socket.
[[0;32m  OK  [0m] Listening on Network Service Netlink Socket.
[[0;32m  OK  [0m] Reached target System Time Synchronized.
         Mounting POSIX Message Queue File System...
[[0;32m  OK  [0m] Listening on Device-mapper event daemon FIFOs.
         Starting Monitoring of LVM2 mirrorsâ€¦ng dmeventd or progress polling...
[[0;32m  OK  [0m] Listening on udev Kernel Socket.
[[0;32m  OK  [0m] Listening on /dev/initctl Compatibility Named Pipe.
         Starting Remount Root and Kernel File Systems...
[[0;32m  OK  [0m] Listening on Journal Socket (/dev/log).
         Starting Journal Service...
         Starting udev Coldplug all Devices...
[[0;32m  OK  [0m] Mounted Kernel Debug File System.
[[0;32m  OK  [0m] Started Load Kernel Modules.
[[0;32m  OK  [0m] Mounted Huge Pages File System.
[[0;32m  OK  [0m] Started Uncomplicated firewall.
[[0;32m  OK  [0m] Started Create list of required staâ€¦vice nodes for the current kernel.
[[0;32m  OK  [0m] Mounted POSIX Message Queue [   12.134120] EXT4-fs (sda1): re-mounted. Opts: (null)
File System.
[[0;32m  OK  [0m] Started LVM2 metadata daemon.
         Starting Create Static Device Nodes in /dev...
[   12.182685] random: crng init done
[   12.187285] random: 7 urandom warning(s) missed due to ratelimiting
         Starting Apply Kernel Variables...
         Mounting Kernel Configuration File System...
         Mounting FUSE Control File System...
[[0;32m  OK  [0m] Started Remount Root and Kernel File Systems.
[[0;32m  OK  [0m] Mounted FUSE Control File System.
[[0;32m  OK  [0m] Mounted Kernel Configuration File System.
         Starting Load/Save Random Seed...
[[0;32m  OK  [0m] Started Journal Service.
[[0;32m  OK  [0m] Started Monitoring of LVM2 mirrors,â€¦sing dmeventd or progress polling.
[[0;32m  OK  [0m] Started udev Coldplug all Devices.
[[0;32m  OK  [0m] Started Create Static Device Nodes in /dev.
[[0;32m  OK  [0m] Started Apply Kernel Variables.
[[0;32m  OK  [0m] Started Load/Save Random Seed.
         Starting udev Kernel Device Manager...
         Starting Flush Journal to Persistent Storage...
[[0;32m  OK  [0m] Started udev Kernel Device Manager.
[[0;32m  OK  [0m] Started Flush Journal to Persistent Storage.
[[0;32m  OK  [0m] Found device /dev/ttyS0.
[[0;32m  OK  [0m] Listening on Load/Save RF Kill Switch Status /dev/rfkill Watch.
[[0;32m  OK  [0m] Started Set the console keyboard layout.
[[0;32m  OK  [0m] Started Dispatch Password Requests to Console Directory Watch.
[[0;32m  OK  [0m] Reached target Local Encrypted Volumes.
[[0;32m  OK  [0m] Reached target Local File Systems (Pre).
[[0;32m  OK  [0m] Reached target Local File Systems.
         Starting ebtables ruleset management...
         Starting AppArmor initialization...
         Starting Set console font and keymap...
         Starting Create Volatile Files and Directories...
         Starting Tell Plymouth To Write Out Runtime Data...
[[0;32m  OK  [0m] Started Set console font and keymap.
[[0;32m  OK  [0m] Started Create Volatile Files and Directories.
[[0;32m  OK  [0m] Started Tell Plymouth To Write Out Runtime Data.
         Starting Update UTMP about System Boot/Shutdown...
[[0;32m  OK  [0m] Started Update UTMP about System Boot/Shutdown.
[[0;32m  OK  [0m] Started ebtables ruleset management.
[[0;32m  OK  [0m] Started AppArmor initialization.
         Starting Initial cloud-init job (pre-networking)...
[   15.357027] cloud-init[636]: Cloud-init v. 19.2-36-g059d049c-0ubuntu2~18.04.1 running 'init-local' at Thu, 14 Nov 2019 06:05:40 +0000. Up 15.08 seconds.
[[0;32m  OK  [0m] Started Initial cloud-init job (pre-networking).
[[0;32m  OK  [0m] Reached target Network (Pre).
         Starting Network Service...
[[0;32m  OK  [0m] Started Network Service.
         Starting Wait for Network to be Configured...
         Starting Network Name Resolution...
[[0;32m  OK  [0m] Started Network Name Resolution.
[[0;32m  OK  [0m] Reached target Network.
[[0;32m  OK  [0m] Reached target Host and Network Name Lookups.
[[0;32m  OK  [0m] Started Wait for Network to be Configured.
         Starting Initial cloud-init job (metadata service crawler)...
[   17.968448] cloud-init[750]: Cloud-init v. 19.2-36-g059d049c-0ubuntu2~18.04.1 running 'init' at Thu, 14 Nov 2019 06:05:43 +0000. Up 17.80 seconds.
[   17.996204] cloud-init[750]: ci-info: ++++++++++++++++++++++++++++++++++++++Net device info++++++++++++++++++++++++++++++++++++++
[   18.017133] cloud-init[750]: ci-info: +--------+------+----------------------------+---------------+--------+-------------------+
[   18.029660] cloud-init[750]: ci-info: | Device |  Up  |          Address           |      Mask     | Scope  |     Hw-Address    |
[   18.072510] cloud-init[750]: ci-info: +--------+------+----------------------------+---------------+--------+-------------------+
[   18.108404] cloud-init[750]: ci-info: | enp0s3 | True |         10.0.2.15          | 255.255.255.0 | global | 02:8e:72:66:23:f8 |
[   18.142526] cloud-init[750]: ci-info: | enp0s3 | True | fe80::8e:72ff:fe66:23f8/64 |       .       |  link  | 02:8e:72:66:23:f8 |
[   18.190250] cloud-init[750]: ci-info: | enp0s8 | True |       192.168.33.10        | 255.255.255.0 | global | 08:00:27:39:00:a7 |
[   18.194318] cloud-init[750]: ci-info: | enp0s8 | True | fe80::a00:27ff:fe39:a7/64  |       .       |  link  | 08:00:27:39:00:a7 |
[   18.197967] cloud-init[750]: ci-info: |   lo   | True |         127.0.0.1          |   255.0.0.0   |  host  |         .         |
[   18.203686] cloud-init[750]: ci-info: |   lo   | True |          ::1/128           |       .       |  host  |         .         |
[   18.215354] cloud-init[750]: ci-info: +--------+------+----------------------------+---------------+--------+-------------------+
[   18.230554] cloud-init[750]: ci-info: +++++++++++++++++++++++++++++Route IPv4 info+++++++++++++++++++++++++++++
[   18.234760] cloud-init[750]: ci-info: +-------+--------------+----------+-----------------+-----------+-------+
[   18.238751] cloud-init[750]: ci-info: | Route | Destination  | Gateway  |     Genmask     | Interface | Flags |
[   18.242915] cloud-init[750]: ci-info: +-------+--------------+----------+-----------------+-----------+-------+
[   18.246149] cloud-init[750]: ci-info: |   0   |   0.0.0.0    | 10.0.2.2 |     0.0.0.0     |   enp0s3  |   UG  |
[   18.249732] cloud-init[750]: ci-info: |   1   |   10.0.2.0   | 0.0.0.0  |  255.255.255.0  |   enp0s3  |   U   |
[   18.253385] cloud-init[750]: ci-info: |   2   |   10.0.2.2   | 0.0.0.0  | 255.255.255.255 |   enp0s3  |   UH  |
[   18.263300] cloud-init[750]: ci-info: |   3   | 192.168.33.0 | 0.0.0.0  |  255.255.255.0  |   enp0s8  |   U   |
[   18.270318] cloud-init[750]: ci-info: +-------+--------------+----------+-----------------+-----------+-------+
[   18.273535] cloud-init[750]: ci-info: +++++++++++++++++++Route IPv6 info+++++++++++++++++++
[   18.275668] cloud-init[750]: ci-info: +-------+-------------+---------+-----------+-------+
[   18.277740] cloud-init[750]: ci-info: | Route | Destination | Gateway | Interface | Flags |
[   18.279798] cloud-init[750]: ci-info: +-------+-------------+---------+-----------+-------+
[   18.281807] cloud-init[750]: ci-info: |   1   |  fe80::/64  |    ::   |   enp0s8  |   U   |
[[0;32m  OK  [0m] Started Initial cloud-init job (metadata service crawler).
[[0;32m  OK  [0m] Reached target Cloud-config availability.
[[0;32m  OK  [0m] Reached target System Initialization.
[   18.355279] cloud-init[750]: ci-info: |   2   |  fe80::/64  |    ::   |   enp0s3  |   U   |
[   18.516895] cloud-init[750]: ci-info: |   4   |    local    |    ::   |   enp0s3  |   U   |
[   18.538519] cloud-init[750]: ci-info: |   5   |    local    |    ::   |   enp0s8  |   U   |
[   18.568488] cloud-init[750]: ci-info: |   6   |   ff00::/8  |    ::   |   enp0s8  |   U   |
[   18.623149] cloud-init[750]: ci-info: |   7   |   ff00::/8  |    ::   |   enp0s3  |   U   |
[[0;32m  OK  [0m] Started Daily apt download activities.
[[0;32m  OK  [0m] Started Daily apt upgrade and clean activities.
[[0;32m  OK  [0m] Listening on D-Bus System Message Bus Socket.
[[0;32m  OK  [0m] Listening on UUID daemon activation socket.
[   18.663022] cloud-init[750]: ci-info: +-------+-------------+---------+-----------+-------+
         Starting Socket activation for snappy daemon.
[[0;32m  OK  [0m] Started Discard unused blocks once a week.
[[0;32m  OK  [0m] Started Message of the Day.
         Starting LXD - unix socket.
[[0;32m  OK  [0m] Started ACPI Events Check.
[[0;32m  OK  [0m] Reached target Paths.
[[0;32m  OK  [0m] Listening on Open-iSCSI iscsid Socket.
[[0;32m  OK  [0m] Listening on ACPID Listen Socket.
[[0;32m  OK  [0m] Started Daily Cleanup of Temporary Directories.
[[0;32m  OK  [0m] Reached target Timers.
[[0;32m  OK  [0m] Reached target Network is Online.
[[0;32m  OK  [0m] Reached target Remote File Systems (Pre).
[[0;32m  OK  [0m] Reached target Remote File Systems.
         Starting Availability of block devices...
[[0;32m  OK  [0m] Listening on Socket activation for snappy daemon.
[[0;32m  OK  [0m] Listening on LXD - unix socket.
[[0;32m  OK  [0m] Started Availability of block devices.
[[0;32m  OK  [0m] Reached target Sockets.
[[0;32m  OK  [0m] Reached target Basic System.
[[0;32m  OK  [0m] Started D-Bus System Message Bus.
         Starting LSB: automatic crash report generation...
         Starting LXD - container startup/shutdown...
         Starting Dispatcher daemon for systemd-networkd...
         Starting Virtualbox guest utils...
[[0;32m  OK  [0m] Started irqbalance daemon.
[[0;32m  OK  [0m] Started Deferred execution scheduler.
         Starting OpenBSD Secure Shell server...
         Starting System Logging Service...
         Starting Permit User Sessions...
[[0;32m  OK  [0m] Started Regular background program processing daemon.
         Starting Snappy daemon...
[[0;32m  OK  [0m] Started FUSE filesystem for LXC.
         Starting LSB: Record successful boot for GRUB...
         Starting Accounts Service...
         Starting Login Service...
[[0;32m  OK  [0m] Started System Logging Service.
[[0;32m  OK  [0m] Started LXD - container startup/shutdown.
[[0;32m  OK  [0m] Started Dispatcher daemon for systemd-networkd.
[[0;32m  OK  [0m] Started Permit User Sessions.
[[0;32m  OK  [0m] Started OpenBSD Secure Shell server.
         Starting Hold until boot process finishes up...
         Starting Terminate Plymouth Boot Screen...
[[0;32m  OK  [0m] Started Hold until boot process finishes up.
[[0;32m  OK  [0m] Started Terminate Plymouth Boot Screen.
         Starting Set console scheme...
[[0;32m  OK  [0m] Started Serial Getty on ttyS0.
[[0;32m  OK  [0m] Started Set console scheme.
[[0;32m  OK  [0m] Started Login Service.
         Starting Authorization Manager...
[[0;32m  OK  [0m] Started Unattended Upgrades Shutdown.
[[0;32m  OK  [0m] Created slice system-getty.slice.
[[0;32m  OK  [0m] Started Getty on tty1.
[[0;32m  OK  [0m] Reached target Login Prompts.
[[0;32m  OK  [0m] Started LSB: automatic crash report generation.
[[0;32m  OK  [0m] Started LSB: Record successful boot for GRUB.
[[0;32m  OK  [0m] Started Virtualbox guest utils.
[[0;32m  OK  [0m] Started Authorization Manager.
[[0;32m  OK  [0m] Started Accounts Service.
[[0;32m  OK  [0m] Started Snappy daemon.
         Starting Wait until snapd is fully seeded...
[[0;32m  OK  [0m] Started Wait until snapd is fully seeded.
[[0;32m  OK  [0m] Reached target Multi-User System.
[[0;32m  OK  [0m] Reached target Graphical Interface.
         Starting Update UTMP about System Runlevel Changes...
         Starting Apply the settings specified in cloud-config...
[[0;32m  OK  [0m] Started Update UTMP about System Runlevel Changes.
[   20.903188] cloud-init[1169]: Cloud-init v. 19.2-36-g059d049c-0ubuntu2~18.04.1 running 'modules:config' at Thu, 14 Nov 2019 06:05:45 +0000. Up 20.78 seconds.
[[0;32m  OK  [0m] Started Apply the settings specified in cloud-config.
         Starting Execute cloud user/final scripts...
[[0;32m  OK  [0m] Created slice User Slice of vagrant.
         Starting User Manager for UID 1000...
[[0;32m  OK  [0m] Started Session 1 of user vagrant.
[[0;32m  OK  [0m] Started User Manager for UID 1000.
[   22.056910] cloud-init[1209]: Cloud-init v. 19.2-36-g059d049c-0ubuntu2~18.04.1 running 'modules:final' at Thu, 14 Nov 2019 06:05:47 +0000. Up 21.89 seconds.
[   22.072873] cloud-init[1209]: Cloud-init v. 19.2-36-g059d049c-0ubuntu2~18.04.1 finished at Thu, 14 Nov 2019 06:05:47 +0000. Datasource DataSourceNoCloud [seed=/dev/sdb][dsmode=net].  Up 22.04 seconds
[[0;32m  OK  [0m] Started Execute cloud user/final scripts.
[[0;32m  OK  [0m] Reached target Cloud-init target.

Ubuntu 18.04.3 LTS ubuntu-bionic ttyS0

ubuntu-bionic login: [[0;32m  OK  [0m] Stopped target Timers.
[[0;32m  OK  [0m] Stopped target Host and Network Name Lookups.
[[0;32m  OK  [0m] Stopped Daily apt upgrade and clean activities.
[[0;32m  OK  [0m] Closed Load/Save RF Kill Switch Status /dev/rfkill Watch.
[[0;32m  OK  [0m] Stopped Daily apt download activities.
         Stopping Session 12 of user vagrant.
[[0;32m  OK  [0m]         Stopping LSB: automatic crash report generation...
         Stopping FUSE filesystem for LXC...
[[0;32m  OK  [0m] Stopped Dispatcher daemon for systemd-networkd.
[[0;32m  OK  [0m] Unmounted /var/lib/lxcfs.
[[0;32m  OK  [0m] Stopped irqbalance daemon.
[[0;32m  OK  [0m] Stopped Deferred execution scheduler.
[[0;32m  OK  [0m] Stopped System Logging Service.
[[0;32m  OK  [0m] Stopped Regular background program processing daemon.
[[0;32m  OK  [0m] Stopped Accounts Service.
[[0;32m  OK  [0m] Stopped OpenBSD Secure Shell server.
[[0;32m  OK  [0m] Stopped Serial Getty on ttyS0.
[[0;32m  OK  [0m] Stopped Authorization Manager.
[[0;32m  OK  [0m] Stopped Getty on tty1.
[[0;32m  OK  [0m] Stopped Unattended Upgrades Shutdown.
[[0;32m  OK  [0m] Stopped User Manager for UID 1000.
[[0;32m  OK  [0m] Stopped D-Bus System Message Bus.
[[0;32m  OK  [0m] Stopped Availability of block devices.
[[0;32m  OK  [0m] Stopped FUSE filesystem for LXC.
[[0;32m  OK  [0m] Stopped Session 12 of user vagrant.
[[0;32m  OK  [0m] Removed slice User Slice of vagrant.
         Stopping Login Service...
[[0;32m  OK  [0m] Removed slice system-getty.slice.
[[0;32m  OK  [0m] Removed slice system-serial\x2dgetty.slice.
         Stopping Permit User Sessions...
[[0;32m  OK  [0m] Stopped LSB: Record successful boot for GRUB.
[[0;32m  OK  [0m] Stopped LXD - container startup/shutdown.
[[0;32m  OK  [0m] Stopped Permit User Sessions.
[[0;32m  OK  [0m] Stopped target Network.
         Stopping Network Name Resolution...
[[0;32m  OK  [0m] Stopped LSB: automatic crash report generation.
[[0;32m  OK  [0m] Stopped target Remote File Systems.
[[0;32m  OK  [0m] Stopped target Remote File Systems (Pre).
[[0;32m  OK  [0m] Stopped Virtualbox guest utils.
[[0;32m  OK  [0m] Stopped Network Name Resolution.
[[0;32m  OK  [0m] Stopped Login Service.
[[0;32m  OK  [0m] Stopped target User and Group Name Lookups.
[[0;32m  OK  [0m] Stopped target Basic System.
[[0;32m  OK  [0m] Stopped target Slices.
[[0;32m  OK  [0m] Removed slice User and Session Slice.
[[0;32m  OK  [0m] Stopped target Paths.
[[0;32m  OK  [0m] Stopped ACPI Events Check.
[[0;32m  OK  [0m] Stopped target Sockets.
[[0;32m  OK  [0m] Closed LXD - unix socket.
[[0;32m  OK  [0m] Closed ACPID Listen Socket.
[[0;32m  OK  [0m] Closed Open-iSCSI iscsid Socket.
[[0;32m  OK  [0m] Closed Syslog Socket.
[[0;32m  OK  [0m] Closed UUID daemon activation socket.
[[0;32m  OK  [0m] Closed D-Bus System Message Bus Socket.
[[0;32m  OK  [0m] Closed Socket activation for snappy daemon.
[[0;32m  OK  [0m] Stopped target System Initialization.
         Stopping Load/Save Random Seed...
[[0;32m  OK  [0m] Stopped Initial cloud-init job (metadata service crawler).
         Stopping Update UTMP about System Boot/Shutdown...
[[0;32m  OK  [0m] Stopped target Local Encrypted Volumes.
[[0;32m  OK  [0m] Stopped Dispatch Password Requests to Console Directory Watch.
[[0;32m  OK  [0m] Stopped Forward Password Requests to Wall Directory Watch.
         Stopping Network Service...
[[0;32m  OK  [0m] Stopped Load/Save Random Seed.
[[0;32m  OK  [0m] Stopped Update UTMP about System Boot/Shutdown.
[[0;32m  OK  [0m] Stopped Network Service.
[[0;32m  OK  [0m] Stopped target Network (Pre).
[[0;32m  OK  [0m] Stopped Initial cloud-init job (pre-networking).
[[0;32m  OK  [0m] Stopped Apply Kernel Variables.
[[0;32m  OK  [0m] Stopped Load Kernel Modules.
[[0;32m  OK  [0m] Stopped Create Volatile Files and Directories.
[[0;32m  OK  [0m] Stopped target Local File Systems.
         Unmounting /run/user/1000...
         Unmounting /vagrant...
[[0;32m  OK  [0m] Unmounted /run/user/1000.
[[0;32m  OK  [0m] Unmounted /vagrant.
[[0;32m  OK  [0m] Reached target Unmount All Filesystems.
[[0;32m  OK  [0m] Stopped target Local File Systems (Pre).
[[0;32m  OK  [0m] Stopped Create Static Device Nodes in /dev.
         Stopping Monitoring of LVM2 mirrorsâ€¦ng dmeventd or progress polling...
[[0;32m  OK  [0m] Stopped Remount Root and Kernel File Systems.
[[0;32m  OK  [0m] Stopped target Swap.
[[0;32m  OK  [0m] Reached target Shutdown.
[[0;32m  OK  [0m] Reached target Final Step.
         Starting Power-Off...
[[0;32m  OK  [0m] Stopped Monitoring of LVM2 mirrors,â€¦sing dmeventd or progress polling.
         Stopping LVM2 metadata daemon...
[[0;32m  OK  [0m] Stopped LVM2 metadata daemon.
[20548.373285] reboot: Power down
